
┌  Building storybook v10.6.0-beta.0
│
◇  Cleaning outputDir: storybook-static
│
◇  Loading presets
│
◇  Building manager..
│
●  Building open services..
│
●  Building preview..
│  Vite vite v8.0.10 building client environment for production...

ℹ [styleframe] Initializing...
✔ [styleframe] Generated type declarations.
✔ [styleframe] Initialized with 8 styleframe file(s) (tracking 9 dependencies).

[2Ktransforming...✔ [styleframe] Built global CSS successfully.
✓ 314 modules transformed.
rendering chunks...
computing gzip size...
│  Vite storybook-static/iframe.html
│  18.97 kB │ gzip:   5.33 kB
│  storybook-static/assets/iframe-uS_R7BRy.css
│  85.36 kB │ gzip:  15.81 kB
│  storybook-static/assets/formatter-L2YTDE3Q-CB9r_Pxp.js
│  0.26 kB │ gzip:   0.21 kB
│  storybook-static/assets/chunk-QQBDHPVZ-BFTqFBDn.js
│  0.29 kB │ gzip:   0.17 kB
│  storybook-static/assets/react-D3WrCHbz.js
│  0.52 kB │ gzip:   0.32 kB
│  storybook-static/assets/chunk-DnJy8xQt.js
│  1.12 kB │ gzip:   0.63 kB
│  storybook-static/assets/preload-helper-DVWkohm0.js
│  1.27 kB │ gzip:   0.74 kB
│  storybook-static/assets/chunk-DRQKCCAG-CjexgIcb.js
│  3.35 kB │ gzip:   1.39 kB
│  storybook-static/assets/chunk-242VQQM5-CMiE93jm.js
│  3.74 kB │ gzip:   1.45 kB
│  storybook-static/assets/react-BdF9t19l.js
│  7.52 kB │ gzip:   2.87 kB
│  storybook-static/assets/IButton-ZifEqMuG.js
│  12.05 kB │ gzip:   1.64 kB
│  storybook-static/assets/IFieldGroup.stories-BiGrk_ws.js
│  18.98 kB │ gzip:   1.94 kB
│  storybook-static/assets/IBadge.stories-B6FFMftC.js
│  19.87 kB │ gzip:   2.11 kB
│  storybook-static/assets/IButton.stories-DxWAuihb.js
│  20.44 kB │ gzip:   2.30 kB
│  storybook-static/assets/chunk-W22LQPXL-D2-cC96x.js
│  23.00 kB │ gzip:   7.73 kB
│  storybook-static/vite-inject-mocker-entry.js
│  27.85 kB │ gzip:   9.64 kB
│  storybook-static/assets/matchers-JIUQ3HVY-CBVgkZn4.js
│  28.81 kB │ gzip:   9.67 kB
│  storybook-static/assets/Color-6AOWCN3U-7oLB50lp.js
│  31.01 kB │ gzip:  11.66 kB
│  storybook-static/assets/IInput.stories-DXnQpNtz.js
│  31.54 kB │ gzip:   2.45 kB
│  storybook-static/assets/IHamburgerMenu.stories-CT4wdSAE.js
│  31.90 kB │ gzip:   3.11 kB
│  storybook-static/assets/IInput-CNOVbyJ_.js
│  33.09 kB │ gzip:   2.49 kB
│  storybook-static/assets/WithTooltip-CDUNV5IS-Cr37W3Ht.js
│  33.27 kB │ gzip:  11.67 kB
│  storybook-static/assets/ICheckbox.stories-8HbOyN31.js
│  50.93 kB │ gzip:   3.87 kB
│  storybook-static/assets/theming-CI68WkI7.js
│  55.68 kB │ gzip:  21.49 kB
│  storybook-static/assets/ISwitch.stories-BHFSdsZE.js
│  58.18 kB │ gzip:   3.98 kB
│  storybook-static/assets/IRadioGroup.stories-CIFB-5N4.js
│  61.49 kB │ gzip:   4.52 kB
│  storybook-static/assets/syntaxhighlighter-4REYKNEV-kEQVaMsZ.js
│  75.94 kB │ gzip:  27.26 kB
│  storybook-static/assets/_virtual_styleframe_consumer-Kt_D5z38.js
│  123.81 kB │ gzip:  22.50 kB
│  storybook-static/assets/DocsRenderer-JROSPFPF-C2s8DPwp.js
│  371.87 kB │ gzip: 117.63 kB
│  storybook-static/assets/components-DX5bzbuC.js
│  563.96 kB │ gzip: 179.78 kB
│  storybook-static/assets/axe-B-ZjafC7.js
│  579.53 kB │ gzip: 158.45 kB
│  storybook-static/assets/iframe-BVtPhCOa.js
│  1,069.25 kB │ gzip: 317.04 kB

│
▲  Vite [plugin builtin:vite-reporter]
│  (!) Some chunks are larger than 500 kB after minification. Consider:
│  - Using dynamic import() to code-split the application
│  - Use build.rolldownOptions.output.codeSplitting to improve chunking:
│  ]8;;https://rolldown.rs/reference/OutputOptions.codeSplittinghttps://rolldown.rs/reference/OutputOptions.codeSplitting]8;;
│  - Adjust chunk size limit for this warning via
│  build.chunkSizeWarningLimit.
│
▲  Vite [33m[PLUGIN_TIMINGS] Warning:[0m Your build spent significant time in
│  plugins. Here is a breakdown:
│  - storybook:vue-component-meta-plugin (30%)
│  - styleframe (23%)
│  - storybook:project-annotations-plugin (8%)
│  - storybook:mock-loader (8%)
│  - storybook:code-generator-plugin (7%)
│  See ]8;;https://rolldown.rs/options/checks#plugintimingshttps://rolldown.rs/options/checks#plugintimings]8;; for more details.

│  Vite ✓ built in 4.04s
│
●  Preview stats written to
│  /tmp/qa-10.6/inkline/ui/vue/storybook-static/preview-stats.json
│
◇  Output directory: /tmp/qa-10.6/inkline/ui/vue/storybook-static
│
└  Storybook build completed successfully

